// Jest Snapshot v1, https://goo.gl/fbAQLP

exports[`MapPage Sagas setInitialLocation Saga should dispatch the setTickets action if it requests the data successfully 1`] = `
Object {
  "@@redux-saga/IO": true,
  "CALL": Object {
    "args": Array [],
    "context": null,
    "fn": [Function],
  },
}
`;

exports[`MapPage Sagas setInitialLocation Saga should set error action if there is something wrong 1`] = `
Object {
  "@@redux-saga/IO": true,
  "CALL": Object {
    "args": Array [],
    "context": null,
    "fn": [Function],
  },
}
`;
